[     604ms] [INFO] %cDownload the React DevTools for a better development experience: https://react.dev/link/react-devtools font-weight:bold @ http://localhost:3001/_next/static/chunks/0a48_next_dist_1dtl2yb._.js:2489
[     699ms] [LOG] [HMR] connected @ http://localhost:3001/_next/static/chunks/0a48_next_dist_1dtl2yb._.js:2489
[   30712ms] [ERROR] Failed to load resource: the server responded with a status of 500 (Internal Server Error) @ http://localhost:3001/:0
[  827985ms] [LOG] [Fast Refresh] rebuilding @ http://localhost:3001/_next/static/chunks/0a48_next_dist_1dtl2yb._.js:2489
[  828006ms] [LOG] [Fast Refresh] done in 51ms @ http://localhost:3001/_next/static/chunks/0a48_next_dist_1dtl2yb._.js:2489
[  834017ms] [LOG] [Fast Refresh] rebuilding @ http://localhost:3001/_next/static/chunks/0a48_next_dist_1dtl2yb._.js:2489
[  834050ms] [LOG] [Fast Refresh] done in 13ms @ http://localhost:3001/_next/static/chunks/0a48_next_dist_1dtl2yb._.js:2489
[  840203ms] [LOG] [Fast Refresh] rebuilding @ http://localhost:3001/_next/static/chunks/0a48_next_dist_1dtl2yb._.js:2489
[  840449ms] [LOG] [Fast Refresh] done in 379ms @ http://localhost:3001/_next/static/chunks/0a48_next_dist_1dtl2yb._.js:2489
[  840728ms] [LOG] [Fast Refresh] rebuilding @ http://localhost:3001/_next/static/chunks/0a48_next_dist_1dtl2yb._.js:2489
[  841094ms] [LOG] [Fast Refresh] done in 519ms @ http://localhost:3001/_next/static/chunks/0a48_next_dist_1dtl2yb._.js:2489
[  863785ms] [LOG] [Fast Refresh] rebuilding @ http://localhost:3001/_next/static/chunks/0a48_next_dist_1dtl2yb._.js:2489
[  863807ms] [LOG] [Fast Refresh] done in 95ms @ http://localhost:3001/_next/static/chunks/0a48_next_dist_1dtl2yb._.js:2489
[  863999ms] [LOG] [Fast Refresh] rebuilding @ http://localhost:3001/_next/static/chunks/0a48_next_dist_1dtl2yb._.js:2489
[  864181ms] [LOG] [Fast Refresh] done in 298ms @ http://localhost:3001/_next/static/chunks/0a48_next_dist_1dtl2yb._.js:2489
[  876723ms] [LOG] [Fast Refresh] rebuilding @ http://localhost:3001/_next/static/chunks/0a48_next_dist_1dtl2yb._.js:2489
[  876931ms] [LOG] [Fast Refresh] done in 277ms @ http://localhost:3001/_next/static/chunks/0a48_next_dist_1dtl2yb._.js:2489
[  877122ms] [LOG] [Fast Refresh] rebuilding @ http://localhost:3001/_next/static/chunks/0a48_next_dist_1dtl2yb._.js:2489
[  877341ms] [LOG] [Fast Refresh] done in 329ms @ http://localhost:3001/_next/static/chunks/0a48_next_dist_1dtl2yb._.js:2489
[  877601ms] ReferenceError: TriangleAlert is not defined
    at EntradaForm (http://localhost:3001/_next/static/chunks/src_0nailzy._.js?id=%255Bproject%255D%252Fsrc%252Fcomponents%252Fdashboard%252FEntradaForm.tsx+%255Bapp-client%255D+%2528ecmascript%2529:1434:335)
    at Object.react_stack_bottom_frame (http://localhost:3001/_next/static/chunks/0a48_next_dist_compiled_react-dom_1je6i6n._.js:15037:24)
    at renderWithHooks (http://localhost:3001/_next/static/chunks/0a48_next_dist_compiled_react-dom_1je6i6n._.js:4620:24)
    at updateFunctionComponent (http://localhost:3001/_next/static/chunks/0a48_next_dist_compiled_react-dom_1je6i6n._.js:6081:21)
    at beginWork (http://localhost:3001/_next/static/chunks/0a48_next_dist_compiled_react-dom_1je6i6n._.js:6691:24)
    at runWithFiberInDEV (http://localhost:3001/_next/static/chunks/0a48_next_dist_compiled_react-dom_1je6i6n._.js:965:74)
    at performUnitOfWork (http://localhost:3001/_next/static/chunks/0a48_next_dist_compiled_react-dom_1je6i6n._.js:9555:97)
    at workLoopSync (http://localhost:3001/_next/static/chunks/0a48_next_dist_compiled_react-dom_1je6i6n._.js:9449:40)
    at renderRootSync (http://localhost:3001/_next/static/chunks/0a48_next_dist_compiled_react-dom_1je6i6n._.js:9433:13)
    at performWorkOnRoot (http://localhost:3001/_next/static/chunks/0a48_next_dist_compiled_react-dom_1je6i6n._.js:9061:186)
    at performSyncWorkOnRoot (http://localhost:3001/_next/static/chunks/0a48_next_dist_compiled_react-dom_1je6i6n._.js:10263:9)
    at flushSyncWorkAcrossRoots_impl (http://localhost:3001/_next/static/chunks/0a48_next_dist_compiled_react-dom_1je6i6n._.js:10179:316)
    at processRootScheduleInMicrotask (http://localhost:3001/_next/static/chunks/0a48_next_dist_compiled_react-dom_1je6i6n._.js:10200:106)
    at http://localhost:3001/_next/static/chunks/0a48_next_dist_compiled_react-dom_1je6i6n._.js:10274:158
[  889332ms] [LOG] [Fast Refresh] rebuilding @ http://localhost:3001/_next/static/chunks/0a48_next_dist_1dtl2yb._.js:2489
[  889414ms] [WARNING] [Fast Refresh] performing full reload because your application had an unrecoverable error @ http://localhost:3001/_next/static/chunks/0a48_next_dist_1dtl2yb._.js:2489
[  889428ms] [ERROR] Encountered a script tag while rendering React component. Scripts inside React components are never executed when rendering on the client. Consider using template tag instead (https://developer.mozilla.org/en-US/docs/Web/HTML/Element/template). @ http://localhost:3001/_next/static/chunks/0a48_next_dist_1dtl2yb._.js:3330
[  889489ms] ReferenceError: error is not defined
    at EntradaForm (http://localhost:3001/_next/static/chunks/src_0nailzy._.js?id=%255Bproject%255D%252Fsrc%252Fcomponents%252Fdashboard%252FEntradaForm.tsx+%255Bapp-client%255D+%2528ecmascript%2529:1421:13)
    at Object.react_stack_bottom_frame (http://localhost:3001/_next/static/chunks/0a48_next_dist_compiled_react-dom_1je6i6n._.js:15037:24)
    at renderWithHooks (http://localhost:3001/_next/static/chunks/0a48_next_dist_compiled_react-dom_1je6i6n._.js:4620:24)
    at updateFunctionComponent (http://localhost:3001/_next/static/chunks/0a48_next_dist_compiled_react-dom_1je6i6n._.js:6081:21)
    at beginWork (http://localhost:3001/_next/static/chunks/0a48_next_dist_compiled_react-dom_1je6i6n._.js:6691:24)
    at runWithFiberInDEV (http://localhost:3001/_next/static/chunks/0a48_next_dist_compiled_react-dom_1je6i6n._.js:965:74)
    at performUnitOfWork (http://localhost:3001/_next/static/chunks/0a48_next_dist_compiled_react-dom_1je6i6n._.js:9555:97)
    at workLoopSync (http://localhost:3001/_next/static/chunks/0a48_next_dist_compiled_react-dom_1je6i6n._.js:9449:40)
    at renderRootSync (http://localhost:3001/_next/static/chunks/0a48_next_dist_compiled_react-dom_1je6i6n._.js:9433:13)
    at performWorkOnRoot (http://localhost:3001/_next/static/chunks/0a48_next_dist_compiled_react-dom_1je6i6n._.js:9098:47)
    at performSyncWorkOnRoot (http://localhost:3001/_next/static/chunks/0a48_next_dist_compiled_react-dom_1je6i6n._.js:10263:9)
    at flushSyncWorkAcrossRoots_impl (http://localhost:3001/_next/static/chunks/0a48_next_dist_compiled_react-dom_1je6i6n._.js:10179:316)
    at flushSyncWork$1 (http://localhost:3001/_next/static/chunks/0a48_next_dist_compiled_react-dom_1je6i6n._.js:9230:86)
    at Object.scheduleRefresh (http://localhost:3001/_next/static/chunks/0a48_next_dist_compiled_react-dom_1je6i6n._.js:299:13)
    at http://localhost:3001/_next/static/chunks/0a48_next_dist_compiled_0_ixxrn._.js:391:33
    at Set.forEach (<anonymous>)
    at Object.performReactRefresh (http://localhost:3001/_next/static/chunks/0a48_next_dist_compiled_0_ixxrn._.js:384:38)
    at applyUpdate (http://localhost:3001/_next/static/chunks/0a48_next_dist_compiled_0_ixxrn._.js:878:31)
    at http://localhost:3001/_next/static/chunks/0a48_next_dist_compiled_0_ixxrn._.js:886:13
[  889492ms] [LOG] [Fast Refresh] done in 178ms @ http://localhost:3001/_next/static/chunks/0a48_next_dist_1dtl2yb._.js:2489
[  889719ms] [LOG] [Fast Refresh] rebuilding @ http://localhost:3001/_next/static/chunks/0a48_next_dist_1dtl2yb._.js:2489
[  890611ms] [LOG] [Fast Refresh] done in 995ms @ http://localhost:3001/_next/static/chunks/0a48_next_dist_1dtl2yb._.js:2489
[  890785ms] [ERROR] Failed to load resource: the server responded with a status of 500 (Internal Server Error) @ http://localhost:3001/:0
[  891070ms] [INFO] %cDownload the React DevTools for a better development experience: https://react.dev/link/react-devtools font-weight:bold @ http://localhost:3001/_next/static/chunks/0a48_next_dist_1dtl2yb._.js:2489
[  891136ms] [LOG] [HMR] connected @ http://localhost:3001/_next/static/chunks/0a48_next_dist_1dtl2yb._.js:2489
[  891156ms] [ERROR] Encountered a script tag while rendering React component. Scripts inside React components are never executed when rendering on the client. Consider using template tag instead (https://developer.mozilla.org/en-US/docs/Web/HTML/Element/template). @ http://localhost:3001/_next/static/chunks/0a48_next_dist_1dtl2yb._.js:3330
[  892023ms] ReferenceError: error is not defined
    at EntradaForm (http://localhost:3001/_next/static/chunks/src_0nailzy._.js:9458:13)
    at Object.react_stack_bottom_frame (http://localhost:3001/_next/static/chunks/0a48_next_dist_compiled_react-dom_1je6i6n._.js:15037:24)
    at renderWithHooks (http://localhost:3001/_next/static/chunks/0a48_next_dist_compiled_react-dom_1je6i6n._.js:4620:24)
    at updateFunctionComponent (http://localhost:3001/_next/static/chunks/0a48_next_dist_compiled_react-dom_1je6i6n._.js:6081:21)
    at beginWork (http://localhost:3001/_next/static/chunks/0a48_next_dist_compiled_react-dom_1je6i6n._.js:6691:24)
    at runWithFiberInDEV (http://localhost:3001/_next/static/chunks/0a48_next_dist_compiled_react-dom_1je6i6n._.js:965:74)
    at performUnitOfWork (http://localhost:3001/_next/static/chunks/0a48_next_dist_compiled_react-dom_1je6i6n._.js:9555:97)
    at workLoopSync (http://localhost:3001/_next/static/chunks/0a48_next_dist_compiled_react-dom_1je6i6n._.js:9449:40)
    at renderRootSync (http://localhost:3001/_next/static/chunks/0a48_next_dist_compiled_react-dom_1je6i6n._.js:9433:13)
    at performWorkOnRoot (http://localhost:3001/_next/static/chunks/0a48_next_dist_compiled_react-dom_1je6i6n._.js:9098:47)
    at performWorkOnRootViaSchedulerTask (http://localhost:3001/_next/static/chunks/0a48_next_dist_compiled_react-dom_1je6i6n._.js:10255:9)
    at MessagePort.performWorkUntilDeadline (http://localhost:3001/_next/static/chunks/0a48_next_dist_compiled_0_ixxrn._.js:2647:64)
[  908236ms] [LOG] [Fast Refresh] rebuilding @ http://localhost:3001/_next/static/chunks/0a48_next_dist_1dtl2yb._.js:2489
[  908269ms] [WARNING] [Fast Refresh] performing full reload because your application had an unrecoverable error @ http://localhost:3001/_next/static/chunks/0a48_next_dist_1dtl2yb._.js:2489
[  908281ms] [LOG] [Fast Refresh] done in 119ms @ http://localhost:3001/_next/static/chunks/0a48_next_dist_1dtl2yb._.js:2489
[  908485ms] [LOG] [Fast Refresh] rebuilding @ http://localhost:3001/_next/static/chunks/0a48_next_dist_1dtl2yb._.js:2489
[  908970ms] [LOG] [Fast Refresh] done in 589ms @ http://localhost:3001/_next/static/chunks/0a48_next_dist_1dtl2yb._.js:2489
[  909038ms] [ERROR] Failed to load resource: the server responded with a status of 500 (Internal Server Error) @ http://localhost:3001/:0
[  909255ms] [INFO] %cDownload the React DevTools for a better development experience: https://react.dev/link/react-devtools font-weight:bold @ http://localhost:3001/_next/static/chunks/0a48_next_dist_1dtl2yb._.js:2489
[  909319ms] [LOG] [HMR] connected @ http://localhost:3001/_next/static/chunks/0a48_next_dist_1dtl2yb._.js:2489
[  909672ms] [ERROR] Encountered a script tag while rendering React component. Scripts inside React components are never executed when rendering on the client. Consider using template tag instead (https://developer.mozilla.org/en-US/docs/Web/HTML/Element/template). @ http://localhost:3001/_next/static/chunks/0a48_next_dist_1dtl2yb._.js:3330
[  910751ms] ReferenceError: error is not defined
    at EntradaForm (http://localhost:3001/_next/static/chunks/src_0nailzy._.js:9458:13)
    at Object.react_stack_bottom_frame (http://localhost:3001/_next/static/chunks/0a48_next_dist_compiled_react-dom_1je6i6n._.js:15037:24)
    at renderWithHooks (http://localhost:3001/_next/static/chunks/0a48_next_dist_compiled_react-dom_1je6i6n._.js:4620:24)
    at updateFunctionComponent (http://localhost:3001/_next/static/chunks/0a48_next_dist_compiled_react-dom_1je6i6n._.js:6081:21)
    at beginWork (http://localhost:3001/_next/static/chunks/0a48_next_dist_compiled_react-dom_1je6i6n._.js:6691:24)
    at runWithFiberInDEV (http://localhost:3001/_next/static/chunks/0a48_next_dist_compiled_react-dom_1je6i6n._.js:965:74)
    at performUnitOfWork (http://localhost:3001/_next/static/chunks/0a48_next_dist_compiled_react-dom_1je6i6n._.js:9555:97)
    at workLoopSync (http://localhost:3001/_next/static/chunks/0a48_next_dist_compiled_react-dom_1je6i6n._.js:9449:40)
    at renderRootSync (http://localhost:3001/_next/static/chunks/0a48_next_dist_compiled_react-dom_1je6i6n._.js:9433:13)
    at performWorkOnRoot (http://localhost:3001/_next/static/chunks/0a48_next_dist_compiled_react-dom_1je6i6n._.js:9098:47)
    at performWorkOnRootViaSchedulerTask (http://localhost:3001/_next/static/chunks/0a48_next_dist_compiled_react-dom_1je6i6n._.js:10255:9)
    at MessagePort.performWorkUntilDeadline (http://localhost:3001/_next/static/chunks/0a48_next_dist_compiled_0_ixxrn._.js:2647:64)
[  919187ms] [LOG] [Fast Refresh] rebuilding @ http://localhost:3001/_next/static/chunks/0a48_next_dist_1dtl2yb._.js:2489
[  919243ms] [WARNING] [Fast Refresh] performing full reload because your application had an unrecoverable error @ http://localhost:3001/_next/static/chunks/0a48_next_dist_1dtl2yb._.js:2489
[  919252ms] [LOG] [Fast Refresh] done in 152ms @ http://localhost:3001/_next/static/chunks/0a48_next_dist_1dtl2yb._.js:2489
[  919472ms] [LOG] [Fast Refresh] rebuilding @ http://localhost:3001/_next/static/chunks/0a48_next_dist_1dtl2yb._.js:2489
[  920080ms] [LOG] [Fast Refresh] done in 713ms @ http://localhost:3001/_next/static/chunks/0a48_next_dist_1dtl2yb._.js:2489
[  920201ms] [ERROR] Failed to load resource: the server responded with a status of 500 (Internal Server Error) @ http://localhost:3001/:0
[  920564ms] [INFO] %cDownload the React DevTools for a better development experience: https://react.dev/link/react-devtools font-weight:bold @ http://localhost:3001/_next/static/chunks/0a48_next_dist_1dtl2yb._.js:2489
[  920660ms] [LOG] [HMR] connected @ http://localhost:3001/_next/static/chunks/0a48_next_dist_1dtl2yb._.js:2489
[  920920ms] [ERROR] Encountered a script tag while rendering React component. Scripts inside React components are never executed when rendering on the client. Consider using template tag instead (https://developer.mozilla.org/en-US/docs/Web/HTML/Element/template). @ http://localhost:3001/_next/static/chunks/0a48_next_dist_1dtl2yb._.js:3330
[  921851ms] ReferenceError: error is not defined
    at EntradaForm (http://localhost:3001/_next/static/chunks/src_0nailzy._.js:9486:13)
    at Object.react_stack_bottom_frame (http://localhost:3001/_next/static/chunks/0a48_next_dist_compiled_react-dom_1je6i6n._.js:15037:24)
    at renderWithHooks (http://localhost:3001/_next/static/chunks/0a48_next_dist_compiled_react-dom_1je6i6n._.js:4620:24)
    at updateFunctionComponent (http://localhost:3001/_next/static/chunks/0a48_next_dist_compiled_react-dom_1je6i6n._.js:6081:21)
    at beginWork (http://localhost:3001/_next/static/chunks/0a48_next_dist_compiled_react-dom_1je6i6n._.js:6691:24)
    at runWithFiberInDEV (http://localhost:3001/_next/static/chunks/0a48_next_dist_compiled_react-dom_1je6i6n._.js:965:74)
    at performUnitOfWork (http://localhost:3001/_next/static/chunks/0a48_next_dist_compiled_react-dom_1je6i6n._.js:9555:97)
    at workLoopSync (http://localhost:3001/_next/static/chunks/0a48_next_dist_compiled_react-dom_1je6i6n._.js:9449:40)
    at renderRootSync (http://localhost:3001/_next/static/chunks/0a48_next_dist_compiled_react-dom_1je6i6n._.js:9433:13)
    at performWorkOnRoot (http://localhost:3001/_next/static/chunks/0a48_next_dist_compiled_react-dom_1je6i6n._.js:9098:47)
    at performWorkOnRootViaSchedulerTask (http://localhost:3001/_next/static/chunks/0a48_next_dist_compiled_react-dom_1je6i6n._.js:10255:9)
    at MessagePort.performWorkUntilDeadline (http://localhost:3001/_next/static/chunks/0a48_next_dist_compiled_0_ixxrn._.js:2647:64)
[  933506ms] [LOG] [Fast Refresh] rebuilding @ http://localhost:3001/_next/static/chunks/0a48_next_dist_1dtl2yb._.js:2489
[  933545ms] [WARNING] [Fast Refresh] performing full reload because your application had an unrecoverable error @ http://localhost:3001/_next/static/chunks/0a48_next_dist_1dtl2yb._.js:2489
[  933557ms] [LOG] [Fast Refresh] done in 139ms @ http://localhost:3001/_next/static/chunks/0a48_next_dist_1dtl2yb._.js:2489
[  933767ms] [LOG] [Fast Refresh] rebuilding @ http://localhost:3001/_next/static/chunks/0a48_next_dist_1dtl2yb._.js:2489
[  934207ms] [LOG] [Fast Refresh] done in 556ms @ http://localhost:3001/_next/static/chunks/0a48_next_dist_1dtl2yb._.js:2489
[  934738ms] [INFO] %cDownload the React DevTools for a better development experience: https://react.dev/link/react-devtools font-weight:bold @ http://localhost:3001/_next/static/chunks/0a48_next_dist_1dtl2yb._.js:2489
[  934798ms] [LOG] [HMR] connected @ http://localhost:3001/_next/static/chunks/0a48_next_dist_1dtl2yb._.js:2489
[  956036ms] [LOG] [Fast Refresh] rebuilding @ http://localhost:3001/_next/static/chunks/0a48_next_dist_1dtl2yb._.js:2489
[  956182ms] [LOG] [Fast Refresh] done in 212ms @ http://localhost:3001/_next/static/chunks/0a48_next_dist_1dtl2yb._.js:2489
[  956330ms] [LOG] [Fast Refresh] rebuilding @ http://localhost:3001/_next/static/chunks/0a48_next_dist_1dtl2yb._.js:2489
[  956485ms] [LOG] [Fast Refresh] done in 268ms @ http://localhost:3001/_next/static/chunks/0a48_next_dist_1dtl2yb._.js:2489
