[     157ms] [LOG] [Fast Refresh] rebuilding @ http://localhost:3001/_next/static/chunks/0a48_next_dist_1dtl2yb._.js:2489
[     306ms] [LOG] [Fast Refresh] done in 264ms @ http://localhost:3001/_next/static/chunks/0a48_next_dist_1dtl2yb._.js:2489
[     495ms] [INFO] %cDownload the React DevTools for a better development experience: https://react.dev/link/react-devtools font-weight:bold @ http://localhost:3001/_next/static/chunks/0a48_next_dist_1dtl2yb._.js:2489
[     595ms] [LOG] [HMR] connected @ http://localhost:3001/_next/static/chunks/0a48_next_dist_1dtl2yb._.js:2489
[  435379ms] [LOG] [Fast Refresh] rebuilding @ http://localhost:3001/_next/static/chunks/0a48_next_dist_1dtl2yb._.js:2489
[  435535ms] [LOG] [Fast Refresh] done in 207ms @ http://localhost:3001/_next/static/chunks/0a48_next_dist_1dtl2yb._.js:2489
[  435723ms] [LOG] [Fast Refresh] rebuilding @ http://localhost:3001/_next/static/chunks/0a48_next_dist_1dtl2yb._.js:2489
[  435871ms] [LOG] [Fast Refresh] done in 264ms @ http://localhost:3001/_next/static/chunks/0a48_next_dist_1dtl2yb._.js:2489
[  450966ms] [LOG] [Fast Refresh] rebuilding @ http://localhost:3001/_next/static/chunks/0a48_next_dist_1dtl2yb._.js:2489
[  451080ms] [LOG] [Fast Refresh] done in 201ms @ http://localhost:3001/_next/static/chunks/0a48_next_dist_1dtl2yb._.js:2489
[  451228ms] [LOG] [Fast Refresh] rebuilding @ http://localhost:3001/_next/static/chunks/0a48_next_dist_1dtl2yb._.js:2489
[  451346ms] [LOG] [Fast Refresh] done in 225ms @ http://localhost:3001/_next/static/chunks/0a48_next_dist_1dtl2yb._.js:2489
[  466306ms] [LOG] [Fast Refresh] rebuilding @ http://localhost:3001/_next/static/chunks/0a48_next_dist_1dtl2yb._.js:2489
[  466392ms] [LOG] [Fast Refresh] done in 239ms @ http://localhost:3001/_next/static/chunks/0a48_next_dist_1dtl2yb._.js:2489
[  466549ms] [LOG] [Fast Refresh] rebuilding @ http://localhost:3001/_next/static/chunks/0a48_next_dist_1dtl2yb._.js:2489
[  466635ms] [LOG] [Fast Refresh] done in 195ms @ http://localhost:3001/_next/static/chunks/0a48_next_dist_1dtl2yb._.js:2489
[  473285ms] [LOG] [Fast Refresh] rebuilding @ http://localhost:3001/_next/static/chunks/0a48_next_dist_1dtl2yb._.js:2489
[  473326ms] [LOG] [Fast Refresh] done in 100ms @ http://localhost:3001/_next/static/chunks/0a48_next_dist_1dtl2yb._.js:2489
[  473508ms] [LOG] [Fast Refresh] rebuilding @ http://localhost:3001/_next/static/chunks/0a48_next_dist_1dtl2yb._.js:2489
[  473608ms] [LOG] [Fast Refresh] done in 210ms @ http://localhost:3001/_next/static/chunks/0a48_next_dist_1dtl2yb._.js:2489
[  567549ms] [LOG] [Fast Refresh] rebuilding @ http://localhost:3001/_next/static/chunks/0a48_next_dist_1dtl2yb._.js:2489
[  567613ms] [LOG] [Fast Refresh] done in 155ms @ http://localhost:3001/_next/static/chunks/0a48_next_dist_1dtl2yb._.js:2489
[  567810ms] [LOG] [Fast Refresh] rebuilding @ http://localhost:3001/_next/static/chunks/0a48_next_dist_1dtl2yb._.js:2489
[  567949ms] [LOG] [Fast Refresh] done in 248ms @ http://localhost:3001/_next/static/chunks/0a48_next_dist_1dtl2yb._.js:2489
[  582198ms] [LOG] [Fast Refresh] rebuilding @ http://localhost:3001/_next/static/chunks/0a48_next_dist_1dtl2yb._.js:2489
[  582229ms] [ERROR] ./src/components/admin/SettingsAdminPanel.tsx:341:8
Unexpected token. Did you mean `{'}'}` or `&rbrace;`?
  339 |           </div>
  340 |         </div>
> 341 |       )}
      |        ^
  342 |     </div>
  343 |   );
  344 | }

Parsing ecmascript source code failed

Import traces:
  Client Component Browser:
    ./src/components/admin/SettingsAdminPanel.tsx [Client Component Browser]
    ./src/components/admin/AdminTab.tsx [Client Component Browser]
    ./src/app/page.tsx [Client Component Browser]
    ./src/app/page.tsx [Server Component]

  Client Component SSR:
    ./src/components/admin/SettingsAdminPanel.tsx [Client Component SSR]
    ./src/components/admin/AdminTab.tsx [Client Component SSR]
    ./src/app/page.tsx [Client Component SSR]
    ./src/app/page.tsx [Server Component] @ http://localhost:3001/_next/static/chunks/0a48_next_dist_1dtl2yb._.js:3330
[  582403ms] [ERROR] ./src/components/admin/SettingsAdminPanel.tsx:341:8
Unexpected token. Did you mean `{'}'}` or `&rbrace;`?
  339 |           </div>
  340 |         </div>
> 341 |       )}
      |        ^
  342 |     </div>
  343 |   );
  344 | }

Parsing ecmascript source code failed

Import traces:
  Client Component Browser:
    ./src/components/admin/SettingsAdminPanel.tsx [Client Component Browser]
    ./src/components/admin/AdminTab.tsx [Client Component Browser]
    ./src/app/page.tsx [Client Component Browser]
    ./src/app/page.tsx [Server Component]

  Client Component SSR:
    ./src/components/admin/SettingsAdminPanel.tsx [Client Component SSR]
    ./src/components/admin/AdminTab.tsx [Client Component SSR]
    ./src/app/page.tsx [Client Component SSR]
    ./src/app/page.tsx [Server Component] @ http://localhost:3001/_next/static/chunks/0a48_next_dist_1dtl2yb._.js:3330
[  582404ms] [ERROR] Failed to load resource: the server responded with a status of 500 (Internal Server Error) @ http://localhost:3001/?_rsc=q3mOO9BClNZHexY7:0
[  582433ms] [LOG] [Fast Refresh] rebuilding @ http://localhost:3001/_next/static/chunks/0a48_next_dist_1dtl2yb._.js:2489
[  582502ms] [ERROR] ./src/components/admin/SettingsAdminPanel.tsx:341:8
Unexpected token. Did you mean `{'}'}` or `&rbrace;`?
  339 |           </div>
  340 |         </div>
> 341 |       )}
      |        ^
  342 |     </div>
  343 |   );
  344 | }

Parsing ecmascript source code failed

Import traces:
  Client Component Browser:
    ./src/components/admin/SettingsAdminPanel.tsx [Client Component Browser]
    ./src/components/admin/AdminTab.tsx [Client Component Browser]
    ./src/app/page.tsx [Client Component Browser]
    ./src/app/page.tsx [Server Component]

  Client Component SSR:
    ./src/components/admin/SettingsAdminPanel.tsx [Client Component SSR]
    ./src/components/admin/AdminTab.tsx [Client Component SSR]
    ./src/app/page.tsx [Client Component SSR]
    ./src/app/page.tsx [Server Component] @ http://localhost:3001/_next/static/chunks/0a48_next_dist_1dtl2yb._.js:3330
[  582514ms] [ERROR] Failed to load resource: the server responded with a status of 500 (Internal Server Error) @ http://localhost:3001/:0
[  582678ms] [INFO] %cDownload the React DevTools for a better development experience: https://react.dev/link/react-devtools font-weight:bold @ http://localhost:3001/_next/static/chunks/162a_react-dom_1hsf_h5._.js:15305
[  582807ms] Error: ./src/components/admin/SettingsAdminPanel.tsx:341:8
Unexpected token. Did you mean `{'}'}` or `&rbrace;`?
  339 |           </div>
  340 |         </div>
> 341 |       )}
      |        ^
  342 |     </div>
  343 |   );
  344 | }

Parsing ecmascript source code failed

Import traces:
  Client Component Browser:
    ./src/components/admin/SettingsAdminPanel.tsx [Client Component Browser]
    ./src/components/admin/AdminTab.tsx [Client Component Browser]
    ./src/app/page.tsx [Client Component Browser]
    ./src/app/page.tsx [Server Component]

  Client Component SSR:
    ./src/components/admin/SettingsAdminPanel.tsx [Client Component SSR]
    ./src/components/admin/AdminTab.tsx [Client Component SSR]
    ./src/app/page.tsx [Client Component SSR]
    ./src/app/page.tsx [Server Component]


    at <unknown> (Error: ./src/components/admin/SettingsAdminPanel.tsx:341:8)
    at Object.getCompilationErrors (file://C:\Users\nachi\Projects\parking-circuito-front\node_modules\.pnpm\next@16.2.12_@babel+core@7._fcaffa52850e38fd99aedba2defe1e74\node_modules\next\dist\server\dev\hot-reloader-turbopack.js:1186:59)
    at DevBundlerService.getCompilationError (file://C:\Users\nachi\Projects\parking-circuito-front\node_modules\.pnpm\next@16.2.12_@babel+core@7._fcaffa52850e38fd99aedba2defe1e74\node_modules\next\dist\server\lib\dev-bundler-service.js:44:55)
    at DevServer.getCompilationError (file://C:\Users\nachi\Projects\parking-circuito-front\node_modules\.pnpm\next@16.2.12_@babel+core@7._fcaffa52850e38fd99aedba2defe1e74\node_modules\next\dist\server\dev\next-dev-server.js:720:42)
    at DevServer.findPageComponents (file://C:\Users\nachi\Projects\parking-circuito-front\node_modules\.pnpm\next@16.2.12_@babel+core@7._fcaffa52850e38fd99aedba2defe1e74\node_modules\next\dist\server\dev\next-dev-server.js:690:43)
    at async DevServer.renderErrorToResponseImpl (file://C:\Users\nachi\Projects\parking-circuito-front\node_modules\.pnpm\next@16.2.12_@babel+core@7._fcaffa52850e38fd99aedba2defe1e74\node_modules\next\dist\server\base-server.js:1753:26)
[  582808ms] [LOG] [HMR] connected @ http://localhost:3001/_next/static/chunks/0a48_next_dist_0eqvw9y._.js:1226
[  582953ms] [ERROR] ./src/components/admin/SettingsAdminPanel.tsx:341:8
Unexpected token. Did you mean `{'}'}` or `&rbrace;`?
  339 |           </div>
  340 |         </div>
> 341 |       )}
      |        ^
  342 |     </div>
  343 |   );
  344 | }

Parsing ecmascript source code failed

Import traces:
  Client Component Browser:
    ./src/components/admin/SettingsAdminPanel.tsx [Client Component Browser]
    ./src/components/admin/AdminTab.tsx [Client Component Browser]
    ./src/app/page.tsx [Client Component Browser]
    ./src/app/page.tsx [Server Component]

  Client Component SSR:
    ./src/components/admin/SettingsAdminPanel.tsx [Client Component SSR]
    ./src/components/admin/AdminTab.tsx [Client Component SSR]
    ./src/app/page.tsx [Client Component SSR]
    ./src/app/page.tsx [Server Component] @ http://localhost:3001/_next/static/chunks/0a48_next_dist_0eqvw9y._.js:1945
[  582954ms] [ERROR] ./src/components/admin/SettingsAdminPanel.tsx:341:8
Unexpected token. Did you mean `{'}'}` or `&rbrace;`?
  339 |           </div>
  340 |         </div>
> 341 |       )}
      |        ^
  342 |     </div>
  343 |   );
  344 | }

Parsing ecmascript source code failed

Import traces:
  Client Component Browser:
    ./src/components/admin/SettingsAdminPanel.tsx [Client Component Browser]
    ./src/components/admin/AdminTab.tsx [Client Component Browser]
    ./src/app/page.tsx [Client Component Browser]
    ./src/app/page.tsx [Server Component]

  Client Component SSR:
    ./src/components/admin/SettingsAdminPanel.tsx [Client Component SSR]
    ./src/components/admin/AdminTab.tsx [Client Component SSR]
    ./src/app/page.tsx [Client Component SSR]
    ./src/app/page.tsx [Server Component] @ http://localhost:3001/_next/static/chunks/0a48_next_dist_0eqvw9y._.js:1945
[  583006ms] [ERROR] ./src/components/admin/SettingsAdminPanel.tsx:341:8
Unexpected token. Did you mean `{'}'}` or `&rbrace;`?
  339 |           </div>
  340 |         </div>
> 341 |       )}
      |        ^
  342 |     </div>
  343 |   );
  344 | }

Parsing ecmascript source code failed

Import traces:
  Client Component Browser:
    ./src/components/admin/SettingsAdminPanel.tsx [Client Component Browser]
    ./src/components/admin/AdminTab.tsx [Client Component Browser]
    ./src/app/page.tsx [Client Component Browser]
    ./src/app/page.tsx [Server Component]

  Client Component SSR:
    ./src/components/admin/SettingsAdminPanel.tsx [Client Component SSR]
    ./src/components/admin/AdminTab.tsx [Client Component SSR]
    ./src/app/page.tsx [Client Component SSR]
    ./src/app/page.tsx [Server Component] @ http://localhost:3001/_next/static/chunks/0a48_next_dist_0eqvw9y._.js:1945
[  583101ms] [LOG] [Fast Refresh] rebuilding @ http://localhost:3001/_next/static/chunks/0a48_next_dist_0eqvw9y._.js:1226
[  601414ms] [ERROR] ./src/components/admin/SettingsAdminPanel.tsx:341:8
Unexpected token. Did you mean `{'}'}` or `&rbrace;`?
  339 |           </div>
  340 |         </div>
> 341 |       )}
      |        ^
  342 |     </div>
  343 |   );
  344 | }

Parsing ecmascript source code failed

Import traces:
  Client Component Browser:
    ./src/components/admin/SettingsAdminPanel.tsx [Client Component Browser]
    ./src/components/admin/AdminTab.tsx [Client Component Browser]
    ./src/app/page.tsx [Client Component Browser]
    ./src/app/page.tsx [Server Component]

  Client Component SSR:
    ./src/components/admin/SettingsAdminPanel.tsx [Client Component SSR]
    ./src/components/admin/AdminTab.tsx [Client Component SSR]
    ./src/app/page.tsx [Client Component SSR]
    ./src/app/page.tsx [Server Component] @ http://localhost:3001/_next/static/chunks/0a48_next_dist_0eqvw9y._.js:1945
[  601459ms] [LOG] [Fast Refresh] rebuilding @ http://localhost:3001/_next/static/chunks/0a48_next_dist_0eqvw9y._.js:1226
[  611687ms] [LOG] [Fast Refresh] rebuilding @ http://localhost:3001/_next/static/chunks/0a48_next_dist_0eqvw9y._.js:1226
[  612290ms] [LOG] [Fast Refresh] done in 495ms @ http://localhost:3001/_next/static/chunks/0a48_next_dist_0eqvw9y._.js:1226
[  613237ms] [INFO] %cDownload the React DevTools for a better development experience: https://react.dev/link/react-devtools font-weight:bold @ http://localhost:3001/_next/static/chunks/0a48_next_dist_1dtl2yb._.js:2489
[  613379ms] [LOG] [HMR] connected @ http://localhost:3001/_next/static/chunks/0a48_next_dist_1dtl2yb._.js:2489
[  613980ms] [LOG] [Fast Refresh] rebuilding @ http://localhost:3001/_next/static/chunks/0a48_next_dist_1dtl2yb._.js:2489
[  614079ms] [LOG] [Fast Refresh] done in 211ms @ http://localhost:3001/_next/static/chunks/0a48_next_dist_1dtl2yb._.js:2489
[  627367ms] [LOG] [Fast Refresh] rebuilding @ http://localhost:3001/_next/static/chunks/0a48_next_dist_1dtl2yb._.js:2489
[  627437ms] [LOG] [Fast Refresh] done in 163ms @ http://localhost:3001/_next/static/chunks/0a48_next_dist_1dtl2yb._.js:2489
[  627610ms] [LOG] [Fast Refresh] rebuilding @ http://localhost:3001/_next/static/chunks/0a48_next_dist_1dtl2yb._.js:2489
[  627744ms] [LOG] [Fast Refresh] done in 244ms @ http://localhost:3001/_next/static/chunks/0a48_next_dist_1dtl2yb._.js:2489
[  635106ms] [LOG] [Fast Refresh] rebuilding @ http://localhost:3001/_next/static/chunks/0a48_next_dist_1dtl2yb._.js:2489
[  635145ms] [LOG] [Fast Refresh] done in 114ms @ http://localhost:3001/_next/static/chunks/0a48_next_dist_1dtl2yb._.js:2489
[  635313ms] [LOG] [Fast Refresh] rebuilding @ http://localhost:3001/_next/static/chunks/0a48_next_dist_1dtl2yb._.js:2489
[  635390ms] [LOG] [Fast Refresh] done in 186ms @ http://localhost:3001/_next/static/chunks/0a48_next_dist_1dtl2yb._.js:2489
[  642324ms] [LOG] [Fast Refresh] rebuilding @ http://localhost:3001/_next/static/chunks/0a48_next_dist_1dtl2yb._.js:2489
[  642378ms] [LOG] [Fast Refresh] done in 138ms @ http://localhost:3001/_next/static/chunks/0a48_next_dist_1dtl2yb._.js:2489
[  642568ms] [LOG] [Fast Refresh] rebuilding @ http://localhost:3001/_next/static/chunks/0a48_next_dist_1dtl2yb._.js:2489
[  642621ms] [LOG] [Fast Refresh] done in 155ms @ http://localhost:3001/_next/static/chunks/0a48_next_dist_1dtl2yb._.js:2489
[  657264ms] [LOG] [Fast Refresh] rebuilding @ http://localhost:3001/_next/static/chunks/0a48_next_dist_1dtl2yb._.js:2489
[  657301ms] [LOG] [Fast Refresh] done in 112ms @ http://localhost:3001/_next/static/chunks/0a48_next_dist_1dtl2yb._.js:2489
[  657469ms] [LOG] [Fast Refresh] rebuilding @ http://localhost:3001/_next/static/chunks/0a48_next_dist_1dtl2yb._.js:2489
[  657590ms] [LOG] [Fast Refresh] done in 227ms @ http://localhost:3001/_next/static/chunks/0a48_next_dist_1dtl2yb._.js:2489
