[    2332ms] [INFO] %cDownload the React DevTools for a better development experience: https://react.dev/link/react-devtools font-weight:bold @ http://localhost:3001/_next/static/chunks/0a48_next_dist_1dtl2yb._.js:2489
[    2513ms] [LOG] [HMR] connected @ http://localhost:3001/_next/static/chunks/0a48_next_dist_1dtl2yb._.js:2489
[    2750ms] [LOG] [Fast Refresh] rebuilding @ http://localhost:3001/_next/static/chunks/0a48_next_dist_1dtl2yb._.js:2489
[    2960ms] [LOG] [Fast Refresh] done in 318ms @ http://localhost:3001/_next/static/chunks/0a48_next_dist_1dtl2yb._.js:2489
[   17538ms] [LOG] [Fast Refresh] rebuilding @ http://localhost:3001/_next/static/chunks/0a48_next_dist_1dtl2yb._.js:2489
[   17539ms] [LOG] [Fast Refresh] done in 101ms @ http://localhost:3001/_next/static/chunks/0a48_next_dist_1dtl2yb._.js:2489
[  107428ms] [LOG] [Fast Refresh] rebuilding @ http://localhost:3001/_next/static/chunks/0a48_next_dist_1dtl2yb._.js:2489
[  107436ms] [LOG] [Fast Refresh] done in 111ms @ http://localhost:3001/_next/static/chunks/0a48_next_dist_1dtl2yb._.js:2489
[  107851ms] [ERROR] Failed to load resource: the server responded with a status of 401 (Unauthorized) @ http://localhost:3001/api/auth/login:0
[  147566ms] [LOG] [Fast Refresh] rebuilding @ http://localhost:3001/_next/static/chunks/0a48_next_dist_1dtl2yb._.js:2489
[  147593ms] [LOG] [Fast Refresh] done in 131ms @ http://localhost:3001/_next/static/chunks/0a48_next_dist_1dtl2yb._.js:2489
[  392454ms] [LOG] [Fast Refresh] rebuilding @ http://localhost:3001/_next/static/chunks/0a48_next_dist_1dtl2yb._.js:2489
[  392671ms] [LOG] [Fast Refresh] done in 319ms @ http://localhost:3001/_next/static/chunks/0a48_next_dist_1dtl2yb._.js:2489
[  463859ms] [LOG] [Fast Refresh] rebuilding @ http://localhost:3001/_next/static/chunks/0a48_next_dist_1dtl2yb._.js:2489
[  463919ms] [LOG] [Fast Refresh] done in 133ms @ http://localhost:3001/_next/static/chunks/0a48_next_dist_1dtl2yb._.js:2489
[  464170ms] [LOG] [Fast Refresh] rebuilding @ http://localhost:3001/_next/static/chunks/0a48_next_dist_1dtl2yb._.js:2489
[  464295ms] [LOG] [Fast Refresh] done in 235ms @ http://localhost:3001/_next/static/chunks/0a48_next_dist_1dtl2yb._.js:2489
[  470891ms] [LOG] [Fast Refresh] rebuilding @ http://localhost:3001/_next/static/chunks/0a48_next_dist_1dtl2yb._.js:2489
[  470927ms] [LOG] [Fast Refresh] done in 96ms @ http://localhost:3001/_next/static/chunks/0a48_next_dist_1dtl2yb._.js:2489
[  471140ms] [LOG] [Fast Refresh] rebuilding @ http://localhost:3001/_next/static/chunks/0a48_next_dist_1dtl2yb._.js:2489
[  471218ms] [LOG] [Fast Refresh] done in 179ms @ http://localhost:3001/_next/static/chunks/0a48_next_dist_1dtl2yb._.js:2489
[  477328ms] [LOG] [Fast Refresh] rebuilding @ http://localhost:3001/_next/static/chunks/0a48_next_dist_1dtl2yb._.js:2489
[  477378ms] [LOG] [Fast Refresh] done in 126ms @ http://localhost:3001/_next/static/chunks/0a48_next_dist_1dtl2yb._.js:2489
[  477577ms] [LOG] [Fast Refresh] rebuilding @ http://localhost:3001/_next/static/chunks/0a48_next_dist_1dtl2yb._.js:2489
[  477678ms] [LOG] [Fast Refresh] done in 217ms @ http://localhost:3001/_next/static/chunks/0a48_next_dist_1dtl2yb._.js:2489
[  484385ms] [LOG] [Fast Refresh] rebuilding @ http://localhost:3001/_next/static/chunks/0a48_next_dist_1dtl2yb._.js:2489
[  484420ms] [LOG] [Fast Refresh] done in 165ms @ http://localhost:3001/_next/static/chunks/0a48_next_dist_1dtl2yb._.js:2489
[  484569ms] [LOG] [Fast Refresh] rebuilding @ http://localhost:3001/_next/static/chunks/0a48_next_dist_1dtl2yb._.js:2489
[  484631ms] [LOG] [Fast Refresh] done in 168ms @ http://localhost:3001/_next/static/chunks/0a48_next_dist_1dtl2yb._.js:2489
