[     388ms] [INFO] %cDownload the React DevTools for a better development experience: https://react.dev/link/react-devtools font-weight:bold @ http://localhost:3001/_next/static/chunks/0a48_next_dist_1dtl2yb._.js:2489
[     429ms] [LOG] [HMR] connected @ http://localhost:3001/_next/static/chunks/0a48_next_dist_1dtl2yb._.js:2489
[     616ms] [LOG] [Fast Refresh] rebuilding @ http://localhost:3001/_next/static/chunks/0a48_next_dist_1dtl2yb._.js:2489
[     653ms] [LOG] [Fast Refresh] done in 140ms @ http://localhost:3001/_next/static/chunks/0a48_next_dist_1dtl2yb._.js:2489
[  516844ms] [ERROR] WebSocket connection to 'ws://localhost:3001/_next/webpack-hmr?id=4rtGFvQwX9ku8ubpeIsIb' failed: Error in connection establishment: net::ERR_CONNECTION_REFUSED @ http://localhost:3001/_next/static/chunks/0a48_next_dist_client_0ig4d6g._.js:13422
[  520174ms] [ERROR] WebSocket connection to 'ws://localhost:3001/_next/webpack-hmr?id=4rtGFvQwX9ku8ubpeIsIb' failed: Error in connection establishment: net::ERR_CONNECTION_REFUSED @ http://localhost:3001/_next/static/chunks/0a48_next_dist_client_0ig4d6g._.js:13422
[  524018ms] [LOG] [HMR] connected @ http://localhost:3001/_next/static/chunks/0a48_next_dist_1dtl2yb._.js:2489
[  525295ms] [INFO] %cDownload the React DevTools for a better development experience: https://react.dev/link/react-devtools font-weight:bold @ http://localhost:3001/_next/static/chunks/0a48_next_dist_1dtl2yb._.js:2489
[  525344ms] [LOG] [HMR] connected @ http://localhost:3001/_next/static/chunks/0a48_next_dist_1dtl2yb._.js:2489
[  638436ms] [LOG] [Fast Refresh] rebuilding @ http://localhost:3001/_next/static/chunks/0a48_next_dist_1dtl2yb._.js:2489
[  639084ms] [ERROR] ./src/components/dashboard/EstadisticasTab.tsx:8:1
Module not found: Can't resolve '@/lib/analytics-mock'
   6 | import { colors, fonts } from '@/styles/theme';
   7 | import type { VehicleType } from '@/types';
>  8 | import {
     | ^^^^^^^
>  9 |   applyFilters,
     | ^^^^^^^^^^^^^^^
> 10 |   applyScopeIncludingCancelled,
     | ^^^^^^^^^^^^^^^^^^^^^^^^^^^^^^^
> 11 |   averageStayMinutes,
     | ^^^^^^^^^^^^^^^^^^^^^
> 12 |   byDay,
     | ^^^^^^^^
> 13 |   byHour,
     | ^^^^^^^^^
> 14 |   byOperator,
     | ^^^^^^^^^^^^^
> 15 |   byVehicleType,
     | ^^^^^^^^^^^^^^^^
> 16 |   cancellationRate,
     | ^^^^^^^^^^^^^^^^^^^
> 17 |   currentlyInside,
     | ^^^^^^^^^^^^^^^^^^
> 18 |   getMockParkingRecords,
     | ^^^^^^^^^^^^^^^^^^^^^^^^
> 19 |   MOCK_OPERATORS,
     | ^^^^^^^^^^^^^^^^^
> 20 |   presetRange,
     | ^^^^^^^^^^^^^^
> 21 |   topFrequentPlates,
     | ^^^^^^^^^^^^^^^^^^^^
> 22 |   type AnalyticsFilters,
     | ^^^^^^^^^^^^^^^^^^^^^^^^
> 23 |   type RangePreset,
     | ^^^^^^^^^^^^^^^^^^^
> 24 | } from '@/lib/analytics-mock';
     | ^^^^^^^^^^^^^^^^^^^^^^^^^^^^^^
  25 | import { tipoLabel } from '@/lib/format';
  26 | import { ChartCard } from './charts/ChartCard';
  27 | import { formatMinutes, prefersReducedMotion } from './charts/chart-utils';

Import map: aliased to relative './src/lib/analytics-mock' inside of [project]/

Import traces:
  Client Component Browser:
    ./src/components/dashboard/EstadisticasTab.tsx [Client Component Browser]
    ./src/app/page.tsx [Client Component Browser]
    ./src/app/page.tsx [Server Component]

  Client Component SSR:
    ./src/components/dashboard/EstadisticasTab.tsx [Client Component SSR]
    ./src/app/page.tsx [Client Component SSR]
    ./src/app/page.tsx [Server Component]

https://nextjs.org/docs/messages/module-not-found @ http://localhost:3001/_next/static/chunks/0a48_next_dist_1dtl2yb._.js:3330
[  639335ms] [LOG] [Fast Refresh] rebuilding @ http://localhost:3001/_next/static/chunks/0a48_next_dist_1dtl2yb._.js:2489
[  639338ms] [ERROR] ./src/components/dashboard/EstadisticasTab.tsx:8:1
Module not found: Can't resolve '@/lib/analytics-mock'
   6 | import { colors, fonts } from '@/styles/theme';
   7 | import type { VehicleType } from '@/types';
>  8 | import {
     | ^^^^^^^
>  9 |   applyFilters,
     | ^^^^^^^^^^^^^^^
> 10 |   applyScopeIncludingCancelled,
     | ^^^^^^^^^^^^^^^^^^^^^^^^^^^^^^^
> 11 |   averageStayMinutes,
     | ^^^^^^^^^^^^^^^^^^^^^
> 12 |   byDay,
     | ^^^^^^^^
> 13 |   byHour,
     | ^^^^^^^^^
> 14 |   byOperator,
     | ^^^^^^^^^^^^^
> 15 |   byVehicleType,
     | ^^^^^^^^^^^^^^^^
> 16 |   cancellationRate,
     | ^^^^^^^^^^^^^^^^^^^
> 17 |   currentlyInside,
     | ^^^^^^^^^^^^^^^^^^
> 18 |   getMockParkingRecords,
     | ^^^^^^^^^^^^^^^^^^^^^^^^
> 19 |   MOCK_OPERATORS,
     | ^^^^^^^^^^^^^^^^^
> 20 |   presetRange,
     | ^^^^^^^^^^^^^^
> 21 |   topFrequentPlates,
     | ^^^^^^^^^^^^^^^^^^^^
> 22 |   type AnalyticsFilters,
     | ^^^^^^^^^^^^^^^^^^^^^^^^
> 23 |   type RangePreset,
     | ^^^^^^^^^^^^^^^^^^^
> 24 | } from '@/lib/analytics-mock';
     | ^^^^^^^^^^^^^^^^^^^^^^^^^^^^^^
  25 | import { tipoLabel } from '@/lib/format';
  26 | import { ChartCard } from './charts/ChartCard';
  27 | import { formatMinutes, prefersReducedMotion } from './charts/chart-utils';

Import map: aliased to relative './src/lib/analytics-mock' inside of [project]/

Import traces:
  Client Component Browser:
    ./src/components/dashboard/EstadisticasTab.tsx [Client Component Browser]
    ./src/app/page.tsx [Client Component Browser]
    ./src/app/page.tsx [Server Component]

  Client Component SSR:
    ./src/components/dashboard/EstadisticasTab.tsx [Client Component SSR]
    ./src/app/page.tsx [Client Component SSR]
    ./src/app/page.tsx [Server Component]

https://nextjs.org/docs/messages/module-not-found @ http://localhost:3001/_next/static/chunks/0a48_next_dist_1dtl2yb._.js:3330
[  639341ms] [ERROR] ./src/components/dashboard/EstadisticasTab.tsx:8:1
Module not found: Can't resolve '@/lib/analytics-mock'
   6 | import { colors, fonts } from '@/styles/theme';
   7 | import type { VehicleType } from '@/types';
>  8 | import {
     | ^^^^^^^
>  9 |   applyFilters,
     | ^^^^^^^^^^^^^^^
> 10 |   applyScopeIncludingCancelled,
     | ^^^^^^^^^^^^^^^^^^^^^^^^^^^^^^^
> 11 |   averageStayMinutes,
     | ^^^^^^^^^^^^^^^^^^^^^
> 12 |   byDay,
     | ^^^^^^^^
> 13 |   byHour,
     | ^^^^^^^^^
> 14 |   byOperator,
     | ^^^^^^^^^^^^^
> 15 |   byVehicleType,
     | ^^^^^^^^^^^^^^^^
> 16 |   cancellationRate,
     | ^^^^^^^^^^^^^^^^^^^
> 17 |   currentlyInside,
     | ^^^^^^^^^^^^^^^^^^
> 18 |   getMockParkingRecords,
     | ^^^^^^^^^^^^^^^^^^^^^^^^
> 19 |   MOCK_OPERATORS,
     | ^^^^^^^^^^^^^^^^^
> 20 |   presetRange,
     | ^^^^^^^^^^^^^^
> 21 |   topFrequentPlates,
     | ^^^^^^^^^^^^^^^^^^^^
> 22 |   type AnalyticsFilters,
     | ^^^^^^^^^^^^^^^^^^^^^^^^
> 23 |   type RangePreset,
     | ^^^^^^^^^^^^^^^^^^^
> 24 | } from '@/lib/analytics-mock';
     | ^^^^^^^^^^^^^^^^^^^^^^^^^^^^^^
  25 | import { tipoLabel } from '@/lib/format';
  26 | import { ChartCard } from './charts/ChartCard';
  27 | import { formatMinutes, prefersReducedMotion } from './charts/chart-utils';

Import map: aliased to relative './src/lib/analytics-mock' inside of [project]/

Import traces:
  Client Component Browser:
    ./src/components/dashboard/EstadisticasTab.tsx [Client Component Browser]
    ./src/app/page.tsx [Client Component Browser]
    ./src/app/page.tsx [Server Component]

  Client Component SSR:
    ./src/components/dashboard/EstadisticasTab.tsx [Client Component SSR]
    ./src/app/page.tsx [Client Component SSR]
    ./src/app/page.tsx [Server Component]

https://nextjs.org/docs/messages/module-not-found @ http://localhost:3001/_next/static/chunks/0a48_next_dist_1dtl2yb._.js:3330
[  639454ms] [LOG] [Fast Refresh] rebuilding @ http://localhost:3001/_next/static/chunks/0a48_next_dist_1dtl2yb._.js:2489
[  639708ms] [ERROR] ./src/components/dashboard/EstadisticasTab.tsx:8:1
Module not found: Can't resolve '@/lib/analytics-mock'
   6 | import { colors, fonts } from '@/styles/theme';
   7 | import type { VehicleType } from '@/types';
>  8 | import {
     | ^^^^^^^
>  9 |   applyFilters,
     | ^^^^^^^^^^^^^^^
> 10 |   applyScopeIncludingCancelled,
     | ^^^^^^^^^^^^^^^^^^^^^^^^^^^^^^^
> 11 |   averageStayMinutes,
     | ^^^^^^^^^^^^^^^^^^^^^
> 12 |   byDay,
     | ^^^^^^^^
> 13 |   byHour,
     | ^^^^^^^^^
> 14 |   byOperator,
     | ^^^^^^^^^^^^^
> 15 |   byVehicleType,
     | ^^^^^^^^^^^^^^^^
> 16 |   cancellationRate,
     | ^^^^^^^^^^^^^^^^^^^
> 17 |   currentlyInside,
     | ^^^^^^^^^^^^^^^^^^
> 18 |   getMockParkingRecords,
     | ^^^^^^^^^^^^^^^^^^^^^^^^
> 19 |   MOCK_OPERATORS,
     | ^^^^^^^^^^^^^^^^^
> 20 |   presetRange,
     | ^^^^^^^^^^^^^^
> 21 |   topFrequentPlates,
     | ^^^^^^^^^^^^^^^^^^^^
> 22 |   type AnalyticsFilters,
     | ^^^^^^^^^^^^^^^^^^^^^^^^
> 23 |   type RangePreset,
     | ^^^^^^^^^^^^^^^^^^^
> 24 | } from '@/lib/analytics-mock';
     | ^^^^^^^^^^^^^^^^^^^^^^^^^^^^^^
  25 | import { tipoLabel } from '@/lib/format';
  26 | import { ChartCard } from './charts/ChartCard';
  27 | import { formatMinutes, prefersReducedMotion } from './charts/chart-utils';

Import map: aliased to relative './src/lib/analytics-mock' inside of [project]/

Import traces:
  Client Component Browser:
    ./src/components/dashboard/EstadisticasTab.tsx [Client Component Browser]
    ./src/app/page.tsx [Client Component Browser]
    ./src/app/page.tsx [Server Component]

  Client Component SSR:
    ./src/components/dashboard/EstadisticasTab.tsx [Client Component SSR]
    ./src/app/page.tsx [Client Component SSR]
    ./src/app/page.tsx [Server Component]

https://nextjs.org/docs/messages/module-not-found @ http://localhost:3001/_next/static/chunks/0a48_next_dist_1dtl2yb._.js:3330
[  640093ms] [ERROR] Failed to load resource: the server responded with a status of 500 (Internal Server Error) @ http://localhost:3001/?_rsc=q3mOO9BClNZHexY7:0
[  640269ms] [ERROR] Failed to load resource: the server responded with a status of 500 (Internal Server Error) @ http://localhost:3001/?_rsc=q3mOO9BClNZHexY7:0
[  640271ms] [LOG] [Fast Refresh] rebuilding @ http://localhost:3001/_next/static/chunks/0a48_next_dist_1dtl2yb._.js:2489
[  640272ms] [ERROR] ./src/components/dashboard/EstadisticasTab.tsx:8:1
Module not found: Can't resolve '@/lib/analytics-mock'
   6 | import { colors, fonts } from '@/styles/theme';
   7 | import type { VehicleType } from '@/types';
>  8 | import {
     | ^^^^^^^
>  9 |   applyFilters,
     | ^^^^^^^^^^^^^^^
> 10 |   applyScopeIncludingCancelled,
     | ^^^^^^^^^^^^^^^^^^^^^^^^^^^^^^^
> 11 |   averageStayMinutes,
     | ^^^^^^^^^^^^^^^^^^^^^
> 12 |   byDay,
     | ^^^^^^^^
> 13 |   byHour,
     | ^^^^^^^^^
> 14 |   byOperator,
     | ^^^^^^^^^^^^^
> 15 |   byVehicleType,
     | ^^^^^^^^^^^^^^^^
> 16 |   cancellationRate,
     | ^^^^^^^^^^^^^^^^^^^
> 17 |   currentlyInside,
     | ^^^^^^^^^^^^^^^^^^
> 18 |   getMockParkingRecords,
     | ^^^^^^^^^^^^^^^^^^^^^^^^
> 19 |   MOCK_OPERATORS,
     | ^^^^^^^^^^^^^^^^^
> 20 |   presetRange,
     | ^^^^^^^^^^^^^^
> 21 |   topFrequentPlates,
     | ^^^^^^^^^^^^^^^^^^^^
> 22 |   type AnalyticsFilters,
     | ^^^^^^^^^^^^^^^^^^^^^^^^
> 23 |   type RangePreset,
     | ^^^^^^^^^^^^^^^^^^^
> 24 | } from '@/lib/analytics-mock';
     | ^^^^^^^^^^^^^^^^^^^^^^^^^^^^^^
  25 | import { tipoLabel } from '@/lib/format';
  26 | import { ChartCard } from './charts/ChartCard';
  27 | import { formatMinutes, prefersReducedMotion } from './charts/chart-utils';

Import map: aliased to relative './src/lib/analytics-mock' inside of [project]/

Import traces:
  Client Component Browser:
    ./src/components/dashboard/EstadisticasTab.tsx [Client Component Browser]
    ./src/app/page.tsx [Client Component Browser]
    ./src/app/page.tsx [Server Component]

  Client Component SSR:
    ./src/components/dashboard/EstadisticasTab.tsx [Client Component SSR]
    ./src/app/page.tsx [Client Component SSR]
    ./src/app/page.tsx [Server Component]

https://nextjs.org/docs/messages/module-not-found @ http://localhost:3001/_next/static/chunks/0a48_next_dist_1dtl2yb._.js:3330
[  640340ms] [ERROR] ./src/components/dashboard/EstadisticasTab.tsx:8:1
Module not found: Can't resolve '@/lib/analytics-mock'
   6 | import { colors, fonts } from '@/styles/theme';
   7 | import type { VehicleType } from '@/types';
>  8 | import {
     | ^^^^^^^
>  9 |   applyFilters,
     | ^^^^^^^^^^^^^^^
> 10 |   applyScopeIncludingCancelled,
     | ^^^^^^^^^^^^^^^^^^^^^^^^^^^^^^^
> 11 |   averageStayMinutes,
     | ^^^^^^^^^^^^^^^^^^^^^
> 12 |   byDay,
     | ^^^^^^^^
> 13 |   byHour,
     | ^^^^^^^^^
> 14 |   byOperator,
     | ^^^^^^^^^^^^^
> 15 |   byVehicleType,
     | ^^^^^^^^^^^^^^^^
> 16 |   cancellationRate,
     | ^^^^^^^^^^^^^^^^^^^
> 17 |   currentlyInside,
     | ^^^^^^^^^^^^^^^^^^
> 18 |   getMockParkingRecords,
     | ^^^^^^^^^^^^^^^^^^^^^^^^
> 19 |   MOCK_OPERATORS,
     | ^^^^^^^^^^^^^^^^^
> 20 |   presetRange,
     | ^^^^^^^^^^^^^^
> 21 |   topFrequentPlates,
     | ^^^^^^^^^^^^^^^^^^^^
> 22 |   type AnalyticsFilters,
     | ^^^^^^^^^^^^^^^^^^^^^^^^
> 23 |   type RangePreset,
     | ^^^^^^^^^^^^^^^^^^^
> 24 | } from '@/lib/analytics-mock';
     | ^^^^^^^^^^^^^^^^^^^^^^^^^^^^^^
  25 | import { tipoLabel } from '@/lib/format';
  26 | import { ChartCard } from './charts/ChartCard';
  27 | import { formatMinutes, prefersReducedMotion } from './charts/chart-utils';

Import map: aliased to relative './src/lib/analytics-mock' inside of [project]/

Import traces:
  Client Component Browser:
    ./src/components/dashboard/EstadisticasTab.tsx [Client Component Browser]
    ./src/app/page.tsx [Client Component Browser]
    ./src/app/page.tsx [Server Component]

  Client Component SSR:
    ./src/components/dashboard/EstadisticasTab.tsx [Client Component SSR]
    ./src/app/page.tsx [Client Component SSR]
    ./src/app/page.tsx [Server Component]

https://nextjs.org/docs/messages/module-not-found @ http://localhost:3001/_next/static/chunks/0a48_next_dist_1dtl2yb._.js:3330
[  640376ms] [ERROR] Failed to load resource: the server responded with a status of 500 (Internal Server Error) @ http://localhost:3001/:0
[  640851ms] [INFO] %cDownload the React DevTools for a better development experience: https://react.dev/link/react-devtools font-weight:bold @ http://localhost:3001/_next/static/chunks/162a_react-dom_1hsf_h5._.js:15305
[  640970ms] Error: ./src/components/dashboard/EstadisticasTab.tsx:8:1
Module not found: Can't resolve '@/lib/analytics-mock'
   6 | import { colors, fonts } from '@/styles/theme';
   7 | import type { VehicleType } from '@/types';
>  8 | import {
     | ^^^^^^^
>  9 |   applyFilters,
     | ^^^^^^^^^^^^^^^
> 10 |   applyScopeIncludingCancelled,
     | ^^^^^^^^^^^^^^^^^^^^^^^^^^^^^^^
> 11 |   averageStayMinutes,
     | ^^^^^^^^^^^^^^^^^^^^^
> 12 |   byDay,
     | ^^^^^^^^
> 13 |   byHour,
     | ^^^^^^^^^
> 14 |   byOperator,
     | ^^^^^^^^^^^^^
> 15 |   byVehicleType,
     | ^^^^^^^^^^^^^^^^
> 16 |   cancellationRate,
     | ^^^^^^^^^^^^^^^^^^^
> 17 |   currentlyInside,
     | ^^^^^^^^^^^^^^^^^^
> 18 |   getMockParkingRecords,
     | ^^^^^^^^^^^^^^^^^^^^^^^^
> 19 |   MOCK_OPERATORS,
     | ^^^^^^^^^^^^^^^^^
> 20 |   presetRange,
     | ^^^^^^^^^^^^^^
> 21 |   topFrequentPlates,
     | ^^^^^^^^^^^^^^^^^^^^
> 22 |   type AnalyticsFilters,
     | ^^^^^^^^^^^^^^^^^^^^^^^^
> 23 |   type RangePreset,
     | ^^^^^^^^^^^^^^^^^^^
> 24 | } from '@/lib/analytics-mock';
     | ^^^^^^^^^^^^^^^^^^^^^^^^^^^^^^
  25 | import { tipoLabel } from '@/lib/format';
  26 | import { ChartCard } from './charts/ChartCard';
  27 | import { formatMinutes, prefersReducedMotion } from './charts/chart-utils';

Import map: aliased to relative './src/lib/analytics-mock' inside of [project]/


Import traces:
  Client Component Browser:
    ./src/components/dashboard/EstadisticasTab.tsx [Client Component Browser]
    ./src/app/page.tsx [Client Component Browser]
    ./src/app/page.tsx [Server Component]

  Client Component SSR:
    ./src/components/dashboard/EstadisticasTab.tsx [Client Component SSR]
    ./src/app/page.tsx [Client Component SSR]
    ./src/app/page.tsx [Server Component]

https://nextjs.org/docs/messages/module-not-found


    at <unknown> (Error: ./src/components/dashboard/EstadisticasTab.tsx:8:1)
    at <unknown> (https://nextjs.org/docs/messages/module-not-found)
    at Object.getCompilationErrors (file://C:\Users\nachi\Projects\parking-circuito-front\node_modules\.pnpm\next@16.2.12_@babel+core@7._fcaffa52850e38fd99aedba2defe1e74\node_modules\next\dist\server\dev\hot-reloader-turbopack.js:1186:59)
    at DevBundlerService.getCompilationError (file://C:\Users\nachi\Projects\parking-circuito-front\node_modules\.pnpm\next@16.2.12_@babel+core@7._fcaffa52850e38fd99aedba2defe1e74\node_modules\next\dist\server\lib\dev-bundler-service.js:44:55)
    at DevServer.getCompilationError (file://C:\Users\nachi\Projects\parking-circuito-front\node_modules\.pnpm\next@16.2.12_@babel+core@7._fcaffa52850e38fd99aedba2defe1e74\node_modules\next\dist\server\dev\next-dev-server.js:720:42)
    at DevServer.findPageComponents (file://C:\Users\nachi\Projects\parking-circuito-front\node_modules\.pnpm\next@16.2.12_@babel+core@7._fcaffa52850e38fd99aedba2defe1e74\node_modules\next\dist\server\dev\next-dev-server.js:690:43)
    at async DevServer.renderErrorToResponseImpl (file://C:\Users\nachi\Projects\parking-circuito-front\node_modules\.pnpm\next@16.2.12_@babel+core@7._fcaffa52850e38fd99aedba2defe1e74\node_modules\next\dist\server\base-server.js:1753:26)
[  640972ms] [LOG] [HMR] connected @ http://localhost:3001/_next/static/chunks/0a48_next_dist_0eqvw9y._.js:1226
[  640986ms] [ERROR] ./src/components/dashboard/EstadisticasTab.tsx:8:1
Module not found: Can't resolve '@/lib/analytics-mock'
   6 | import { colors, fonts } from '@/styles/theme';
   7 | import type { VehicleType } from '@/types';
>  8 | import {
     | ^^^^^^^
>  9 |   applyFilters,
     | ^^^^^^^^^^^^^^^
> 10 |   applyScopeIncludingCancelled,
     | ^^^^^^^^^^^^^^^^^^^^^^^^^^^^^^^
> 11 |   averageStayMinutes,
     | ^^^^^^^^^^^^^^^^^^^^^
> 12 |   byDay,
     | ^^^^^^^^
> 13 |   byHour,
     | ^^^^^^^^^
> 14 |   byOperator,
     | ^^^^^^^^^^^^^
> 15 |   byVehicleType,
     | ^^^^^^^^^^^^^^^^
> 16 |   cancellationRate,
     | ^^^^^^^^^^^^^^^^^^^
> 17 |   currentlyInside,
     | ^^^^^^^^^^^^^^^^^^
> 18 |   getMockParkingRecords,
     | ^^^^^^^^^^^^^^^^^^^^^^^^
> 19 |   MOCK_OPERATORS,
     | ^^^^^^^^^^^^^^^^^
> 20 |   presetRange,
     | ^^^^^^^^^^^^^^
> 21 |   topFrequentPlates,
     | ^^^^^^^^^^^^^^^^^^^^
> 22 |   type AnalyticsFilters,
     | ^^^^^^^^^^^^^^^^^^^^^^^^
> 23 |   type RangePreset,
     | ^^^^^^^^^^^^^^^^^^^
> 24 | } from '@/lib/analytics-mock';
     | ^^^^^^^^^^^^^^^^^^^^^^^^^^^^^^
  25 | import { tipoLabel } from '@/lib/format';
  26 | import { ChartCard } from './charts/ChartCard';
  27 | import { formatMinutes, prefersReducedMotion } from './charts/chart-utils';

Import map: aliased to relative './src/lib/analytics-mock' inside of [project]/

Import traces:
  Client Component Browser:
    ./src/components/dashboard/EstadisticasTab.tsx [Client Component Browser]
    ./src/app/page.tsx [Client Component Browser]
    ./src/app/page.tsx [Server Component]

  Client Component SSR:
    ./src/components/dashboard/EstadisticasTab.tsx [Client Component SSR]
    ./src/app/page.tsx [Client Component SSR]
    ./src/app/page.tsx [Server Component]

https://nextjs.org/docs/messages/module-not-found @ http://localhost:3001/_next/static/chunks/0a48_next_dist_0eqvw9y._.js:1945
[  641032ms] [ERROR] ./src/components/dashboard/EstadisticasTab.tsx:8:1
Module not found: Can't resolve '@/lib/analytics-mock'
   6 | import { colors, fonts } from '@/styles/theme';
   7 | import type { VehicleType } from '@/types';
>  8 | import {
     | ^^^^^^^
>  9 |   applyFilters,
     | ^^^^^^^^^^^^^^^
> 10 |   applyScopeIncludingCancelled,
     | ^^^^^^^^^^^^^^^^^^^^^^^^^^^^^^^
> 11 |   averageStayMinutes,
     | ^^^^^^^^^^^^^^^^^^^^^
> 12 |   byDay,
     | ^^^^^^^^
> 13 |   byHour,
     | ^^^^^^^^^
> 14 |   byOperator,
     | ^^^^^^^^^^^^^
> 15 |   byVehicleType,
     | ^^^^^^^^^^^^^^^^
> 16 |   cancellationRate,
     | ^^^^^^^^^^^^^^^^^^^
> 17 |   currentlyInside,
     | ^^^^^^^^^^^^^^^^^^
> 18 |   getMockParkingRecords,
     | ^^^^^^^^^^^^^^^^^^^^^^^^
> 19 |   MOCK_OPERATORS,
     | ^^^^^^^^^^^^^^^^^
> 20 |   presetRange,
     | ^^^^^^^^^^^^^^
> 21 |   topFrequentPlates,
     | ^^^^^^^^^^^^^^^^^^^^
> 22 |   type AnalyticsFilters,
     | ^^^^^^^^^^^^^^^^^^^^^^^^
> 23 |   type RangePreset,
     | ^^^^^^^^^^^^^^^^^^^
> 24 | } from '@/lib/analytics-mock';
     | ^^^^^^^^^^^^^^^^^^^^^^^^^^^^^^
  25 | import { tipoLabel } from '@/lib/format';
  26 | import { ChartCard } from './charts/ChartCard';
  27 | import { formatMinutes, prefersReducedMotion } from './charts/chart-utils';

Import map: aliased to relative './src/lib/analytics-mock' inside of [project]/

Import traces:
  Client Component Browser:
    ./src/components/dashboard/EstadisticasTab.tsx [Client Component Browser]
    ./src/app/page.tsx [Client Component Browser]
    ./src/app/page.tsx [Server Component]

  Client Component SSR:
    ./src/components/dashboard/EstadisticasTab.tsx [Client Component SSR]
    ./src/app/page.tsx [Client Component SSR]
    ./src/app/page.tsx [Server Component]

https://nextjs.org/docs/messages/module-not-found @ http://localhost:3001/_next/static/chunks/0a48_next_dist_0eqvw9y._.js:1945
[  641124ms] [LOG] [Fast Refresh] rebuilding @ http://localhost:3001/_next/static/chunks/0a48_next_dist_0eqvw9y._.js:1226
[  692037ms] [LOG] [Fast Refresh] rebuilding @ http://localhost:3001/_next/static/chunks/0a48_next_dist_0eqvw9y._.js:1226
[  692719ms] [LOG] [Fast Refresh] done in 439ms @ http://localhost:3001/_next/static/chunks/0a48_next_dist_0eqvw9y._.js:1226
[  693659ms] [INFO] %cDownload the React DevTools for a better development experience: https://react.dev/link/react-devtools font-weight:bold @ http://localhost:3001/_next/static/chunks/0a48_next_dist_1dtl2yb._.js:2489
[  693716ms] [LOG] [HMR] connected @ http://localhost:3001/_next/static/chunks/0a48_next_dist_1dtl2yb._.js:2489
[  694706ms] [LOG] [Fast Refresh] rebuilding @ http://localhost:3001/_next/static/chunks/0a48_next_dist_1dtl2yb._.js:2489
[  694737ms] [LOG] [Fast Refresh] done in 131ms @ http://localhost:3001/_next/static/chunks/0a48_next_dist_1dtl2yb._.js:2489
[  710639ms] [LOG] [Fast Refresh] rebuilding @ http://localhost:3001/_next/static/chunks/0a48_next_dist_1dtl2yb._.js:2489
[  710757ms] [LOG] [Fast Refresh] done in 207ms @ http://localhost:3001/_next/static/chunks/0a48_next_dist_1dtl2yb._.js:2489
[  710978ms] [LOG] [Fast Refresh] rebuilding @ http://localhost:3001/_next/static/chunks/0a48_next_dist_1dtl2yb._.js:2489
[  711219ms] [LOG] [Fast Refresh] done in 342ms @ http://localhost:3001/_next/static/chunks/0a48_next_dist_1dtl2yb._.js:2489
[  716824ms] [LOG] [Fast Refresh] rebuilding @ http://localhost:3001/_next/static/chunks/0a48_next_dist_1dtl2yb._.js:2489
[  716916ms] [LOG] [Fast Refresh] done in 97ms @ http://localhost:3001/_next/static/chunks/0a48_next_dist_1dtl2yb._.js:2489
[  717112ms] [LOG] [Fast Refresh] rebuilding @ http://localhost:3001/_next/static/chunks/0a48_next_dist_1dtl2yb._.js:2489
[  717273ms] [LOG] [Fast Refresh] done in 276ms @ http://localhost:3001/_next/static/chunks/0a48_next_dist_1dtl2yb._.js:2489
[  725073ms] [LOG] [Fast Refresh] rebuilding @ http://localhost:3001/_next/static/chunks/0a48_next_dist_1dtl2yb._.js:2489
[  725096ms] [LOG] [Fast Refresh] done in 121ms @ http://localhost:3001/_next/static/chunks/0a48_next_dist_1dtl2yb._.js:2489
[  725269ms] [LOG] [Fast Refresh] rebuilding @ http://localhost:3001/_next/static/chunks/0a48_next_dist_1dtl2yb._.js:2489
[  725397ms] [LOG] [Fast Refresh] done in 234ms @ http://localhost:3001/_next/static/chunks/0a48_next_dist_1dtl2yb._.js:2489
[  730659ms] [LOG] [Fast Refresh] rebuilding @ http://localhost:3001/_next/static/chunks/0a48_next_dist_1dtl2yb._.js:2489
[  730706ms] [LOG] [Fast Refresh] done in 117ms @ http://localhost:3001/_next/static/chunks/0a48_next_dist_1dtl2yb._.js:2489
[  730909ms] [LOG] [Fast Refresh] rebuilding @ http://localhost:3001/_next/static/chunks/0a48_next_dist_1dtl2yb._.js:2489
[  731077ms] [LOG] [Fast Refresh] done in 286ms @ http://localhost:3001/_next/static/chunks/0a48_next_dist_1dtl2yb._.js:2489
