[     776ms] [INFO] %cDownload the React DevTools for a better development experience: https://react.dev/link/react-devtools font-weight:bold @ http://localhost:3001/_next/static/chunks/0a48_next_dist_1dtl2yb._.js:2489
[     877ms] [LOG] [HMR] connected @ http://localhost:3001/_next/static/chunks/0a48_next_dist_1dtl2yb._.js:2489
[   31959ms] [LOG] [Fast Refresh] rebuilding @ http://localhost:3001/_next/static/chunks/0a48_next_dist_1dtl2yb._.js:2489
[   31992ms] [LOG] [Fast Refresh] done in 135ms @ http://localhost:3001/_next/static/chunks/0a48_next_dist_1dtl2yb._.js:2489
[  219800ms] [LOG] [Fast Refresh] rebuilding @ http://localhost:3001/_next/static/chunks/0a48_next_dist_1dtl2yb._.js:2489
[  220096ms] [LOG] [Fast Refresh] done in 393ms @ http://localhost:3001/_next/static/chunks/0a48_next_dist_1dtl2yb._.js:2489
[  220368ms] [LOG] [Fast Refresh] rebuilding @ http://localhost:3001/_next/static/chunks/0a48_next_dist_1dtl2yb._.js:2489
[  220594ms] [LOG] [Fast Refresh] done in 330ms @ http://localhost:3001/_next/static/chunks/0a48_next_dist_1dtl2yb._.js:2489
[  221456ms] [LOG] [Fast Refresh] rebuilding @ http://localhost:3001/_next/static/chunks/0a48_next_dist_1dtl2yb._.js:2489
[  221546ms] [LOG] [Fast Refresh] done in 186ms @ http://localhost:3001/_next/static/chunks/0a48_next_dist_1dtl2yb._.js:2489
[  221766ms] [LOG] [Fast Refresh] rebuilding @ http://localhost:3001/_next/static/chunks/0a48_next_dist_1dtl2yb._.js:2489
[  222097ms] [LOG] [Fast Refresh] done in 441ms @ http://localhost:3001/_next/static/chunks/0a48_next_dist_1dtl2yb._.js:2489
[  229630ms] [LOG] [Fast Refresh] rebuilding @ http://localhost:3001/_next/static/chunks/0a48_next_dist_1dtl2yb._.js:2489
[  229874ms] [LOG] [Fast Refresh] done in 296ms @ http://localhost:3001/_next/static/chunks/0a48_next_dist_1dtl2yb._.js:2489
[  230148ms] [LOG] [Fast Refresh] rebuilding @ http://localhost:3001/_next/static/chunks/0a48_next_dist_1dtl2yb._.js:2489
[  230433ms] [LOG] [Fast Refresh] done in 393ms @ http://localhost:3001/_next/static/chunks/0a48_next_dist_1dtl2yb._.js:2489
[  230630ms] [LOG] [Fast Refresh] rebuilding @ http://localhost:3001/_next/static/chunks/0a48_next_dist_1dtl2yb._.js:2489
[  230632ms] [LOG] [Fast Refresh] done in 107ms @ http://localhost:3001/_next/static/chunks/0a48_next_dist_1dtl2yb._.js:2489
[  332679ms] [LOG] [Fast Refresh] rebuilding @ http://localhost:3001/_next/static/chunks/0a48_next_dist_1dtl2yb._.js:2489
[  332724ms] [LOG] [Fast Refresh] done in 141ms @ http://localhost:3001/_next/static/chunks/0a48_next_dist_1dtl2yb._.js:2489
[  332969ms] [LOG] [Fast Refresh] rebuilding @ http://localhost:3001/_next/static/chunks/0a48_next_dist_1dtl2yb._.js:2489
[  333217ms] [LOG] [Fast Refresh] done in 350ms @ http://localhost:3001/_next/static/chunks/0a48_next_dist_1dtl2yb._.js:2489
[  333463ms] [LOG] [Fast Refresh] rebuilding @ http://localhost:3001/_next/static/chunks/0a48_next_dist_1dtl2yb._.js:2489
[  333469ms] [LOG] [Fast Refresh] done in 108ms @ http://localhost:3001/_next/static/chunks/0a48_next_dist_1dtl2yb._.js:2489
[  333723ms] [LOG] [Fast Refresh] rebuilding @ http://localhost:3001/_next/static/chunks/0a48_next_dist_1dtl2yb._.js:2489
[  333793ms] [LOG] [Fast Refresh] done in 155ms @ http://localhost:3001/_next/static/chunks/0a48_next_dist_1dtl2yb._.js:2489
[  334092ms] [LOG] [Fast Refresh] rebuilding @ http://localhost:3001/_next/static/chunks/0a48_next_dist_1dtl2yb._.js:2489
[  334333ms] [LOG] [Fast Refresh] done in 346ms @ http://localhost:3001/_next/static/chunks/0a48_next_dist_1dtl2yb._.js:2489
[  335432ms] [LOG] [Fast Refresh] rebuilding @ http://localhost:3001/_next/static/chunks/0a48_next_dist_1dtl2yb._.js:2489
[  335521ms] [LOG] [Fast Refresh] done in 191ms @ http://localhost:3001/_next/static/chunks/0a48_next_dist_1dtl2yb._.js:2489
[  335758ms] [LOG] [Fast Refresh] rebuilding @ http://localhost:3001/_next/static/chunks/0a48_next_dist_1dtl2yb._.js:2489
[  336020ms] [LOG] [Fast Refresh] done in 364ms @ http://localhost:3001/_next/static/chunks/0a48_next_dist_1dtl2yb._.js:2489
[  336221ms] [LOG] [Fast Refresh] rebuilding @ http://localhost:3001/_next/static/chunks/0a48_next_dist_1dtl2yb._.js:2489
[  336292ms] [LOG] [Fast Refresh] done in 175ms @ http://localhost:3001/_next/static/chunks/0a48_next_dist_1dtl2yb._.js:2489
[  336605ms] [LOG] [Fast Refresh] rebuilding @ http://localhost:3001/_next/static/chunks/0a48_next_dist_1dtl2yb._.js:2489
[  336642ms] [LOG] [Fast Refresh] done in 104ms @ http://localhost:3001/_next/static/chunks/0a48_next_dist_1dtl2yb._.js:2489
[  336877ms] [LOG] [Fast Refresh] rebuilding @ http://localhost:3001/_next/static/chunks/0a48_next_dist_1dtl2yb._.js:2489
[  337133ms] [LOG] [Fast Refresh] done in 358ms @ http://localhost:3001/_next/static/chunks/0a48_next_dist_1dtl2yb._.js:2489
[  342965ms] [LOG] [Fast Refresh] rebuilding @ http://localhost:3001/_next/static/chunks/0a48_next_dist_1dtl2yb._.js:2489
[  343026ms] [LOG] [Fast Refresh] done in 123ms @ http://localhost:3001/_next/static/chunks/0a48_next_dist_1dtl2yb._.js:2489
[  343225ms] [LOG] [Fast Refresh] rebuilding @ http://localhost:3001/_next/static/chunks/0a48_next_dist_1dtl2yb._.js:2489
[  343417ms] [LOG] [Fast Refresh] done in 294ms @ http://localhost:3001/_next/static/chunks/0a48_next_dist_1dtl2yb._.js:2489
[  345193ms] [LOG] [Fast Refresh] rebuilding @ http://localhost:3001/_next/static/chunks/0a48_next_dist_1dtl2yb._.js:2489
[  345321ms] [LOG] [Fast Refresh] done in 225ms @ http://localhost:3001/_next/static/chunks/0a48_next_dist_1dtl2yb._.js:2489
[  345576ms] [LOG] [Fast Refresh] rebuilding @ http://localhost:3001/_next/static/chunks/0a48_next_dist_1dtl2yb._.js:2489
[  345835ms] [LOG] [Fast Refresh] done in 369ms @ http://localhost:3001/_next/static/chunks/0a48_next_dist_1dtl2yb._.js:2489
[  347340ms] [LOG] [Fast Refresh] rebuilding @ http://localhost:3001/_next/static/chunks/0a48_next_dist_1dtl2yb._.js:2489
[  347400ms] [LOG] [Fast Refresh] done in 124ms @ http://localhost:3001/_next/static/chunks/0a48_next_dist_1dtl2yb._.js:2489
[  347624ms] [LOG] [Fast Refresh] rebuilding @ http://localhost:3001/_next/static/chunks/0a48_next_dist_1dtl2yb._.js:2489
[  347844ms] [LOG] [Fast Refresh] done in 325ms @ http://localhost:3001/_next/static/chunks/0a48_next_dist_1dtl2yb._.js:2489
[  348648ms] [LOG] [Fast Refresh] rebuilding @ http://localhost:3001/_next/static/chunks/0a48_next_dist_1dtl2yb._.js:2489
[  348685ms] [LOG] [Fast Refresh] done in 84ms @ http://localhost:3001/_next/static/chunks/0a48_next_dist_1dtl2yb._.js:2489
[  348924ms] [LOG] [Fast Refresh] rebuilding @ http://localhost:3001/_next/static/chunks/0a48_next_dist_1dtl2yb._.js:2489
[  349169ms] [LOG] [Fast Refresh] done in 350ms @ http://localhost:3001/_next/static/chunks/0a48_next_dist_1dtl2yb._.js:2489
[  358363ms] [LOG] [Fast Refresh] rebuilding @ http://localhost:3001/_next/static/chunks/0a48_next_dist_1dtl2yb._.js:2489
[  358519ms] [LOG] [Fast Refresh] done in 177ms @ http://localhost:3001/_next/static/chunks/0a48_next_dist_1dtl2yb._.js:2489
[  358855ms] [LOG] [Fast Refresh] rebuilding @ http://localhost:3001/_next/static/chunks/0a48_next_dist_1dtl2yb._.js:2489
[  359115ms] [LOG] [Fast Refresh] done in 367ms @ http://localhost:3001/_next/static/chunks/0a48_next_dist_1dtl2yb._.js:2489
[  360016ms] [LOG] [Fast Refresh] rebuilding @ http://localhost:3001/_next/static/chunks/0a48_next_dist_1dtl2yb._.js:2489
[  360127ms] [LOG] [Fast Refresh] done in 167ms @ http://localhost:3001/_next/static/chunks/0a48_next_dist_1dtl2yb._.js:2489
[  360312ms] [LOG] [Fast Refresh] rebuilding @ http://localhost:3001/_next/static/chunks/0a48_next_dist_1dtl2yb._.js:2489
[  360563ms] [LOG] [Fast Refresh] done in 356ms @ http://localhost:3001/_next/static/chunks/0a48_next_dist_1dtl2yb._.js:2489
[  361148ms] [LOG] [Fast Refresh] rebuilding @ http://localhost:3001/_next/static/chunks/0a48_next_dist_1dtl2yb._.js:2489
[  361263ms] [LOG] [Fast Refresh] done in 168ms @ http://localhost:3001/_next/static/chunks/0a48_next_dist_1dtl2yb._.js:2489
[  361452ms] [LOG] [Fast Refresh] rebuilding @ http://localhost:3001/_next/static/chunks/0a48_next_dist_1dtl2yb._.js:2489
[  361726ms] [LOG] [Fast Refresh] done in 383ms @ http://localhost:3001/_next/static/chunks/0a48_next_dist_1dtl2yb._.js:2489
[  368464ms] [LOG] [Fast Refresh] rebuilding @ http://localhost:3001/_next/static/chunks/0a48_next_dist_1dtl2yb._.js:2489
[  368571ms] [LOG] [Fast Refresh] done in 182ms @ http://localhost:3001/_next/static/chunks/0a48_next_dist_1dtl2yb._.js:2489
[  368801ms] [LOG] [Fast Refresh] rebuilding @ http://localhost:3001/_next/static/chunks/0a48_next_dist_1dtl2yb._.js:2489
[  369010ms] [LOG] [Fast Refresh] done in 314ms @ http://localhost:3001/_next/static/chunks/0a48_next_dist_1dtl2yb._.js:2489
[  369118ms] [LOG] [Fast Refresh] rebuilding @ http://localhost:3001/_next/static/chunks/0a48_next_dist_1dtl2yb._.js:2489
[  369138ms] [LOG] [Fast Refresh] done in 126ms @ http://localhost:3001/_next/static/chunks/0a48_next_dist_1dtl2yb._.js:2489
