[     138ms] [LOG] [Fast Refresh] rebuilding @ http://localhost:3001/_next/static/chunks/0a48_next_dist_1dtl2yb._.js:2489
[     366ms] [LOG] [Fast Refresh] done in 343ms @ http://localhost:3001/_next/static/chunks/0a48_next_dist_1dtl2yb._.js:2489
[     543ms] [INFO] %cDownload the React DevTools for a better development experience: https://react.dev/link/react-devtools font-weight:bold @ http://localhost:3001/_next/static/chunks/0a48_next_dist_1dtl2yb._.js:2489
[     610ms] [LOG] [HMR] connected @ http://localhost:3001/_next/static/chunks/0a48_next_dist_1dtl2yb._.js:2489
[   14051ms] [LOG] [Fast Refresh] rebuilding @ http://localhost:3001/_next/static/chunks/0a48_next_dist_1dtl2yb._.js:2489
[   14131ms] [LOG] [Fast Refresh] done in 182ms @ http://localhost:3001/_next/static/chunks/0a48_next_dist_1dtl2yb._.js:2489
[ 1269603ms] [LOG] [Fast Refresh] rebuilding @ http://localhost:3001/_next/static/chunks/0a48_next_dist_1dtl2yb._.js:2489
[ 1269620ms] [LOG] [Fast Refresh] done in 132ms @ http://localhost:3001/_next/static/chunks/0a48_next_dist_1dtl2yb._.js:2489
[ 1307993ms] [LOG] [Fast Refresh] rebuilding @ http://localhost:3001/_next/static/chunks/0a48_next_dist_1dtl2yb._.js:2489
[ 1308021ms] [LOG] [Fast Refresh] done in 127ms @ http://localhost:3001/_next/static/chunks/0a48_next_dist_1dtl2yb._.js:2489
[ 1308223ms] [LOG] [Fast Refresh] rebuilding @ http://localhost:3001/_next/static/chunks/0a48_next_dist_1dtl2yb._.js:2489
[ 1308359ms] [LOG] [Fast Refresh] done in 246ms @ http://localhost:3001/_next/static/chunks/0a48_next_dist_1dtl2yb._.js:2489
[ 1316958ms] [LOG] [Fast Refresh] rebuilding @ http://localhost:3001/_next/static/chunks/0a48_next_dist_1dtl2yb._.js:2489
[ 1317419ms] [LOG] [Fast Refresh] done in 582ms @ http://localhost:3001/_next/static/chunks/0a48_next_dist_1dtl2yb._.js:2489
[ 1317620ms] [LOG] [Fast Refresh] rebuilding @ http://localhost:3001/_next/static/chunks/0a48_next_dist_1dtl2yb._.js:2489
[ 1317815ms] [LOG] [Fast Refresh] done in 295ms @ http://localhost:3001/_next/static/chunks/0a48_next_dist_1dtl2yb._.js:2489
[ 1335161ms] [LOG] [Fast Refresh] rebuilding @ http://localhost:3001/_next/static/chunks/0a48_next_dist_1dtl2yb._.js:2489
[ 1335210ms] [LOG] [Fast Refresh] done in 133ms @ http://localhost:3001/_next/static/chunks/0a48_next_dist_1dtl2yb._.js:2489
[ 1335381ms] [LOG] [Fast Refresh] rebuilding @ http://localhost:3001/_next/static/chunks/0a48_next_dist_1dtl2yb._.js:2489
[ 1335456ms] [LOG] [Fast Refresh] done in 177ms @ http://localhost:3001/_next/static/chunks/0a48_next_dist_1dtl2yb._.js:2489
[ 1345124ms] [LOG] [Fast Refresh] rebuilding @ http://localhost:3001/_next/static/chunks/0a48_next_dist_1dtl2yb._.js:2489
[ 1345200ms] [LOG] [Fast Refresh] done in 147ms @ http://localhost:3001/_next/static/chunks/0a48_next_dist_1dtl2yb._.js:2489
[ 1345359ms] [LOG] [Fast Refresh] rebuilding @ http://localhost:3001/_next/static/chunks/0a48_next_dist_1dtl2yb._.js:2489
[ 1345430ms] [LOG] [Fast Refresh] done in 181ms @ http://localhost:3001/_next/static/chunks/0a48_next_dist_1dtl2yb._.js:2489
[ 1351239ms] [LOG] [Fast Refresh] rebuilding @ http://localhost:3001/_next/static/chunks/0a48_next_dist_1dtl2yb._.js:2489
[ 1351301ms] [LOG] [Fast Refresh] done in 163ms @ http://localhost:3001/_next/static/chunks/0a48_next_dist_1dtl2yb._.js:2489
[ 1351459ms] [LOG] [Fast Refresh] rebuilding @ http://localhost:3001/_next/static/chunks/0a48_next_dist_1dtl2yb._.js:2489
[ 1351532ms] [LOG] [Fast Refresh] done in 173ms @ http://localhost:3001/_next/static/chunks/0a48_next_dist_1dtl2yb._.js:2489
[ 1356945ms] [LOG] [Fast Refresh] rebuilding @ http://localhost:3001/_next/static/chunks/0a48_next_dist_1dtl2yb._.js:2489
[ 1357114ms] [LOG] [Fast Refresh] done in 266ms @ http://localhost:3001/_next/static/chunks/0a48_next_dist_1dtl2yb._.js:2489
[ 1357321ms] [LOG] [Fast Refresh] rebuilding @ http://localhost:3001/_next/static/chunks/0a48_next_dist_1dtl2yb._.js:2489
[ 1357389ms] [LOG] [Fast Refresh] done in 175ms @ http://localhost:3001/_next/static/chunks/0a48_next_dist_1dtl2yb._.js:2489
[ 1370950ms] [LOG] [Fast Refresh] rebuilding @ http://localhost:3001/_next/static/chunks/0a48_next_dist_1dtl2yb._.js:2489
[ 1371062ms] [LOG] [Fast Refresh] done in 165ms @ http://localhost:3001/_next/static/chunks/0a48_next_dist_1dtl2yb._.js:2489
[ 1371186ms] [LOG] [Fast Refresh] rebuilding @ http://localhost:3001/_next/static/chunks/0a48_next_dist_1dtl2yb._.js:2489
[ 1371264ms] [LOG] [Fast Refresh] done in 181ms @ http://localhost:3001/_next/static/chunks/0a48_next_dist_1dtl2yb._.js:2489
